../Core/Src/main.c:49:13:PostaviMjerac	6
../Core/Src/main.c:113:5:__io_putchar	1
../Core/Src/main.c:119:17:TaktTimeraAPB1	2
../Core/Src/main.c:125:17:TaktTimeraAPB2	2
../Core/Src/main.c:131:13:PostaviPWM	1
../Core/Src/main.c:141:13:IspisiMjerenje	1
../Core/Src/main.c:160:5:main	7
../Core/Src/main.c:250:6:TIM2_IRQHandler	1
../Core/Src/main.c:255:6:HAL_TIM_IC_CaptureCallback	4
../Core/Src/main.c:278:6:SystemClock_Config	3
../Core/Src/main.c:314:13:MX_TIM1_Init	7
../Core/Src/main.c:372:13:MX_USART2_UART_Init	2
../Core/Src/main.c:388:13:MX_GPIO_Init	1
../Core/Src/main.c:410:6:Error_Handler	1
