../Core/Src/main.c:49:13:PostaviMjerac	80	static
../Core/Src/main.c:113:5:__io_putchar	16	static
../Core/Src/main.c:119:17:TaktTimeraAPB1	16	static
../Core/Src/main.c:125:17:TaktTimeraAPB2	16	static
../Core/Src/main.c:131:13:PostaviPWM	32	static
../Core/Src/main.c:141:13:IspisiMjerenje	168	static
../Core/Src/main.c:160:5:main	56	static,ignoring_inline_asm
../Core/Src/main.c:250:6:TIM2_IRQHandler	8	static
../Core/Src/main.c:255:6:HAL_TIM_IC_CaptureCallback	24	static
../Core/Src/main.c:278:6:SystemClock_Config	88	static
../Core/Src/main.c:314:13:MX_TIM1_Init	96	static
../Core/Src/main.c:372:13:MX_USART2_UART_Init	8	static
../Core/Src/main.c:388:13:MX_GPIO_Init	32	static
../Core/Src/main.c:410:6:Error_Handler	4	static,ignoring_inline_asm
